=== 2026-06-15T18:58:41-05:00 UPDATE ===
Gaea's Cradle: skipped manual sale price ($1126)
Chrome Mox: $138 -> $155 (+17) (Scryfall usd $172.62)
Ancient Tomb: $120 -> $121 (+1) (Scryfall usd $135.26)
Mana Vault: $99 -> $100 (+1) (Scryfall usd $111.59)
The One Ring: $86 -> $97 (+11) (Scryfall usd $108.02)
Mox Amber: $67 -> $66 (-1) (Scryfall usd $73.96)
Force of Will: $66 -> $66 (+0) (Scryfall usd $73.89)
Hatred: $48 -> $48 (+0) (Scryfall usd $60.72)
Urborg, Tomb of Yawgmoth: $48 -> $48 (+0) (Scryfall usd $60.04)
Smothering Tithe: $47 -> $45 (-2) (Scryfall usd $57.06)
Mana Drain: $44 -> $44 (+0) (Scryfall usd $55.11)
Boseiju, Who Endures: $42 -> $40 (-2) (Scryfall usd $50.77)
Cavern of Souls: $42 -> $42 (+0) (Scryfall usd $52.87)
Finale of Devastation: $42 -> $42 (+0) (Scryfall usd $52.76)
Rhystic Study: $42 -> $51 (+9) (Scryfall usd $64.43)
Teferi's Protection: $41 -> $42 (+1) (Scryfall usd $52.61)
Nykthos, Shrine to Nyx: $39 -> $41 (+2) (Scryfall usd $51.37)
Animar, Soul of Elements: $38 -> $38 (+0) (Scryfall usd $47.79)
Jeweled Lotus: $37 -> $37 (+0) (Scryfall usd $46.82)
Sensei's Divining Top: $37 -> $37 (+0) (Scryfall usd $47.16)
Tezzeret the Seeker: $34 -> $34 (+0) (Scryfall usd_foil $42.66)
Mycosynth Lattice: $33 -> $33 (+0) (Scryfall usd $42.35)
Natural Order: $33 -> $33 (+0) (Scryfall usd $41.88)
Kozilek, Butcher of Truth: $32 -> $32 (+0) (Scryfall usd $41.18)
Cavern-Hoard Dragon (Showcase Scrolls): $29 -> $29 (+0) (Scryfall usd $39.25)
Scalding Tarn: $29 -> $32 (+3) (Scryfall usd $40.87)
Misty Rainforest: $28 -> $29 (+1) (Scryfall usd $38.95)
Blightsteel Colossus: $27 -> $28 (+1) (Scryfall usd $37.43)
Parallel Lives: $27 -> $26 (-1) (Scryfall usd $35.62)
Prismatic Vista: $27 -> $28 (+1) (Scryfall usd $37.91)
Akroma's Memorial: $26 -> $26 (+0) (Scryfall usd $34.68)
Lotus Petal: $26 -> $28 (+2) (Scryfall usd $37.63)
Necropotence: $26 -> $26 (+0) (Scryfall usd $35.67)
Burgeoning: $25 -> $25 (+0) (Scryfall usd $34.64)
Displacer Kitten: $25 -> $25 (+0) (Scryfall usd $33.95)
Doubling Season: $25 -> $25 (+0) (Scryfall usd $33.94)
Etali, Primal Conqueror (Showcase): $25 -> $25 (+0) (Scryfall usd_foil $33.80)
Exploration: $25 -> $25 (+0) (Scryfall usd $33.51)
Mana Confluence: $25 -> $25 (+0) (Scryfall usd $34.20)
Ulamog, the Infinite Gyre: $25 -> $25 (+0) (Scryfall usd $34.41)
Field of the Dead: $24 -> $23 (-1) (Scryfall usd $31.82)
Marsh Flats: $24 -> $24 (+0) (Scryfall usd $32.09)
Arahbo, Roar of the World: $23 -> $23 (+0) (Scryfall usd_foil $31.44)
Cabal Coffers: $23 -> $23 (+0) (Scryfall usd $31.67)
Winding Canyons: $23 -> $24 (+1) (Scryfall usd $32.27)
Cyclonic Rift: $22 -> $23 (+1) (Scryfall usd $31.11)
Mithril Coat (Extended Art): $22 -> $22 (+0) (Scryfall usd $29.76)
Phyrexian Tower: $20 -> $20 (+0) (Scryfall usd $27.91)
Ad Nauseam: $19 -> $19 (+0) (Scryfall usd $25.65)
Aetherflux Reservoir: $19 -> $19 (+0) (Scryfall usd $26.09)
Galadriel's Dismissal (Borderless): $18 -> $19 (+1) (Scryfall usd_foil $25.62)
City of Brass: $17 -> $17 (+0) (Scryfall usd $22.70)
Flawless Maneuver: $16 -> $16 (+0) (Scryfall usd $22.25)
Constant Mists: $15 -> $15 (+0) (Scryfall usd $20.55)
Craterhoof Behemoth: $15 -> $15 (+0) (Scryfall usd $21.07)
Goblin Welder: $15 -> $15 (+0) (Scryfall usd $21.02)
Hall of the Bandit Lord: $15 -> $15 (+0) (Scryfall usd $20.73)
Unwinding Clock: $15 -> $15 (+0) (Scryfall usd $20.64)
Vedalken Orrery: $15 -> $15 (+0) (Scryfall usd $20.99)
Void Winnower: $15 -> $15 (+0) (Scryfall usd $20.20)
Wave of Reckoning: $15 -> $13 (-2) (Scryfall usd $19.68)
Horn of Greed: $13 -> $13 (+0) (Scryfall usd $19.78)
Kalemne, Disciple of Iroas: $13 -> $13 (+0) (Scryfall usd_foil $19.13)
Noble Hierarch: $13 -> $13 (+0) (Scryfall usd_foil $19.87)
Platinum Emperion: $13 -> $13 (+0) (Scryfall usd $19.80)
Quantum Misalignment: $13 -> $13 (+0) (Scryfall usd $19.35)
Sigarda's Aid: $13 -> $13 (+0) (Scryfall usd $19.62)
Unwinding Clock (Schematic): $13 -> $15 (+2) (Scryfall usd $20.36)
Awaken the Woods: $12 -> $12 (+0) (Scryfall usd $18.50)
Bountiful Promenade: $12 -> $12 (+0) (Scryfall usd $17.76)
Emrakul, the Promised End: $12 -> $12 (+0) (Scryfall usd $17.42)
Entomb: $12 -> $12 (+0) (Scryfall usd $18.21)
Karn, Silver Golem: $12 -> $12 (+0) (Scryfall usd $17.86)
Lurking Predators: $12 -> $12 (+0) (Scryfall usd $17.62)
Mystical Tutor: $12 -> $12 (+0) (Scryfall usd $18.03)
Pact of Negation: $12 -> $12 (+0) (Scryfall usd $18.37)
Stinging Study: $12 -> $12 (+0) (Scryfall usd $18.49)
Twinning Staff: $12 -> $12 (+0) (Scryfall usd $17.95)
Wooded Foothills: $12 -> $12 (+0) (Scryfall usd $18.03)
Arcum Dagsson: $11 -> $11 (+0) (Scryfall usd $16.29)
Berserk: $11 -> $11 (+0) (Scryfall usd $15.87)
Dino DNA (Borderless): $11 -> $11 (+0) (Scryfall usd $16.02)
Font of Mythos: $11 -> $12 (+1) (Scryfall usd $17.18)
Gamble: $11 -> $11 (+0) (Scryfall usd $16.50)
Grand Abolisher: $11 -> $12 (+1) (Scryfall usd $18.41)
Hammer of Nazahn: $11 -> $10 (-1) (Scryfall usd $15.43)
Homeward Path: $11 -> $10 (-1) (Scryfall usd $15.65)
Spellseeker: $11 -> $11 (+0) (Scryfall usd $17.05)
Training Center: $11 -> $11 (+0) (Scryfall usd $16.53)
Vigor: $11 -> $11 (+0) (Scryfall usd $15.99)
Winter Orb: $11 -> $11 (+0) (Scryfall usd $16.82)
Wooded Bastion: $11 -> $11 (+0) (Scryfall usd $16.86)
Athreos, God of Passage: $10 -> $10 (+0) (Scryfall usd $15.57)
Contagion Engine: $10 -> $9 (-1) (Scryfall usd $13.94)
Heroic Intervention: $10 -> $10 (+0) (Scryfall usd $15.12)
Isochron Scepter: $10 -> $11 (+1) (Scryfall usd $15.89)
Phyrexian Metamorph: $10 -> $10 (+0) (Scryfall usd_foil $14.44)
Reflecting Pool: $10 -> $10 (+0) (Scryfall usd $15.32)
Yavimaya, Cradle of Growth: $10 -> $10 (+0) (Scryfall usd $15.43)
Crypt Ghast: $9 -> $9 (+0) (Scryfall usd $14.11)
Spire Garden: $9 -> $9 (+0) (Scryfall usd $13.89)
Total sale price change: +46 across 100 updated cards; 1 skipped.
Updated 100 cards in C:\Users\quiquis\Documents\github pages\assets\data\cards.json

=== 2026-06-22T17:50:27-05:00 UPDATE ===
Gaea's Cradle: skipped manual sale price ($1126)
Chrome Mox: $155 -> $155 (+0) (Scryfall usd $172.73)
Ancient Tomb: $121 -> $123 (+2) (Scryfall usd $136.70)
Mana Vault: $100 -> $100 (+0) (Scryfall usd $111.64)
The One Ring: $97 -> $95 (-2) (Scryfall usd $105.67)
Force of Will: $66 -> $66 (+0) (Scryfall usd $73.89)
Mox Amber: $66 -> $66 (+0) (Scryfall usd $73.84)
Rhystic Study: $51 -> $50 (-1) (Scryfall usd $62.82)
Hatred: $48 -> $50 (+2) (Scryfall usd $62.50)
Urborg, Tomb of Yawgmoth: $48 -> $47 (-1) (Scryfall usd $59.95)
Smothering Tithe: $45 -> $47 (+2) (Scryfall usd $58.77)
Mana Drain: $44 -> $41 (-3) (Scryfall usd $52.16)
Cavern of Souls: $42 -> $42 (+0) (Scryfall usd $53.16)
Finale of Devastation: $42 -> $41 (-1) (Scryfall usd $51.76)
Teferi's Protection: $42 -> $42 (+0) (Scryfall usd $53.17)
Nykthos, Shrine to Nyx: $41 -> $42 (+1) (Scryfall usd $52.99)
Boseiju, Who Endures: $40 -> $40 (+0) (Scryfall usd $50.51)
Animar, Soul of Elements: $38 -> $38 (+0) (Scryfall usd $47.79)
Jeweled Lotus: $37 -> $37 (+0) (Scryfall usd $46.73)
Sensei's Divining Top: $37 -> $38 (+1) (Scryfall usd $48.02)
Tezzeret the Seeker: $34 -> $34 (+0) (Scryfall usd_foil $42.66)
Mycosynth Lattice: $33 -> $33 (+0) (Scryfall usd $41.92)
Natural Order: $33 -> $33 (+0) (Scryfall usd $42.14)
Kozilek, Butcher of Truth: $32 -> $33 (+1) (Scryfall usd $41.45)
Scalding Tarn: $32 -> $32 (+0) (Scryfall usd $40.87)
Cavern-Hoard Dragon (Showcase Scrolls): $29 -> $29 (+0) (Scryfall usd $39.76)
Misty Rainforest: $29 -> $29 (+0) (Scryfall usd $39.06)
Blightsteel Colossus: $28 -> $28 (+0) (Scryfall usd $37.43)
Lotus Petal: $28 -> $28 (+0) (Scryfall usd $38.55)
Prismatic Vista: $28 -> $28 (+0) (Scryfall usd $38.43)
Akroma's Memorial: $26 -> $26 (+0) (Scryfall usd $35.00)
Necropotence: $26 -> $26 (+0) (Scryfall usd $35.98)
Parallel Lives: $26 -> $26 (+0) (Scryfall usd $35.40)
Burgeoning: $25 -> $26 (+1) (Scryfall usd $34.71)
Displacer Kitten: $25 -> $26 (+1) (Scryfall usd $35.79)
Doubling Season: $25 -> $24 (-1) (Scryfall usd $33.27)
Etali, Primal Conqueror (Showcase): $25 -> $25 (+0) (Scryfall usd_foil $33.72)
Exploration: $25 -> $24 (-1) (Scryfall usd $32.74)
Mana Confluence: $25 -> $25 (+0) (Scryfall usd $34.61)
Ulamog, the Infinite Gyre: $25 -> $25 (+0) (Scryfall usd $34.40)
Marsh Flats: $24 -> $24 (+0) (Scryfall usd $32.18)
Winding Canyons: $24 -> $24 (+0) (Scryfall usd $32.27)
Arahbo, Roar of the World: $23 -> $22 (-1) (Scryfall usd_foil $30.63)
Cabal Coffers: $23 -> $24 (+1) (Scryfall usd $32.29)
Cyclonic Rift: $23 -> $23 (+0) (Scryfall usd $31.39)
Field of the Dead: $23 -> $23 (+0) (Scryfall usd $30.72)
Mithril Coat (Extended Art): $22 -> $21 (-1) (Scryfall usd $29.16)
Phyrexian Tower: $20 -> $21 (+1) (Scryfall usd $28.35)
Ad Nauseam: $19 -> $19 (+0) (Scryfall usd $25.65)
Aetherflux Reservoir: $19 -> $20 (+1) (Scryfall usd $27.25)
Galadriel's Dismissal (Borderless): $19 -> $19 (+0) (Scryfall usd_foil $25.43)
City of Brass: $17 -> $17 (+0) (Scryfall usd $22.70)
Flawless Maneuver: $16 -> $16 (+0) (Scryfall usd $22.25)
Constant Mists: $15 -> $15 (+0) (Scryfall usd $20.01)
Craterhoof Behemoth: $15 -> $15 (+0) (Scryfall usd $21.10)
Goblin Welder: $15 -> $15 (+0) (Scryfall usd $21.12)
Hall of the Bandit Lord: $15 -> $15 (+0) (Scryfall usd $20.88)
Unwinding Clock: $15 -> $15 (+0) (Scryfall usd $20.50)
Unwinding Clock (Schematic): $15 -> $15 (+0) (Scryfall usd $20.07)
Vedalken Orrery: $15 -> $15 (+0) (Scryfall usd $20.99)
Void Winnower: $15 -> $13 (-2) (Scryfall usd $19.38)
Horn of Greed: $13 -> $13 (+0) (Scryfall usd $19.78)
Kalemne, Disciple of Iroas: $13 -> $13 (+0) (Scryfall usd_foil $19.13)
Noble Hierarch: $13 -> $13 (+0) (Scryfall usd_foil $19.87)
Platinum Emperion: $13 -> $13 (+0) (Scryfall usd $19.88)
Quantum Misalignment: $13 -> $12 (-1) (Scryfall usd $17.42)
Sigarda's Aid: $13 -> $13 (+0) (Scryfall usd $19.62)
Wave of Reckoning: $13 -> $13 (+0) (Scryfall usd $18.67)
Awaken the Woods: $12 -> $13 (+1) (Scryfall usd $18.90)
Bountiful Promenade: $12 -> $12 (+0) (Scryfall usd $17.35)
Emrakul, the Promised End: $12 -> $12 (+0) (Scryfall usd $18.17)
Entomb: $12 -> $12 (+0) (Scryfall usd $17.81)
Font of Mythos: $12 -> $11 (-1) (Scryfall usd $17.12)
Grand Abolisher: $12 -> $12 (+0) (Scryfall usd $17.44)
Karn, Silver Golem: $12 -> $12 (+0) (Scryfall usd $18.13)
Lurking Predators: $12 -> $12 (+0) (Scryfall usd $18.46)
Mystical Tutor: $12 -> $12 (+0) (Scryfall usd $17.96)
Pact of Negation: $12 -> $12 (+0) (Scryfall usd $18.55)
Stinging Study: $12 -> $12 (+0) (Scryfall usd $18.40)
Twinning Staff: $12 -> $12 (+0) (Scryfall usd $17.61)
Wooded Foothills: $12 -> $12 (+0) (Scryfall usd $18.52)
Arcum Dagsson: $11 -> $10 (-1) (Scryfall usd $15.41)
Berserk: $11 -> $11 (+0) (Scryfall usd $15.87)
Dino DNA (Borderless): $11 -> $11 (+0) (Scryfall usd $16.15)
Gamble: $11 -> $11 (+0) (Scryfall usd $16.80)
Isochron Scepter: $11 -> $10 (-1) (Scryfall usd $15.26)
Spellseeker: $11 -> $12 (+1) (Scryfall usd $17.65)
Training Center: $11 -> $11 (+0) (Scryfall usd $16.45)
Vigor: $11 -> $11 (+0) (Scryfall usd $16.19)
Winter Orb: $11 -> $11 (+0) (Scryfall usd $16.97)
Wooded Bastion: $11 -> $11 (+0) (Scryfall usd $16.86)
Athreos, God of Passage: $10 -> $10 (+0) (Scryfall usd $15.65)
Hammer of Nazahn: $10 -> $10 (+0) (Scryfall usd $15.17)
Heroic Intervention: $10 -> $10 (+0) (Scryfall usd $15.38)
Homeward Path: $10 -> $10 (+0) (Scryfall usd $15.19)
Phyrexian Metamorph: $10 -> $10 (+0) (Scryfall usd_foil $14.44)
Reflecting Pool: $10 -> $10 (+0) (Scryfall usd $15.45)
Yavimaya, Cradle of Growth: $10 -> $10 (+0) (Scryfall usd $14.50)
Contagion Engine: $9 -> $9 (+0) (Scryfall usd $13.70)
Crypt Ghast: $9 -> $9 (+0) (Scryfall usd $13.67)
Spire Garden: $9 -> $8 (-1) (Scryfall usd $11.67)
Total sale price change: -3 across 100 updated cards; 1 skipped.
Updated 100 cards in C:\Users\quiquis\Documents\github pages\assets\data\cards.json

=== 2026-07-24T18:43:34-05:00 UPDATE ===
Gaea's Cradle: $0 -> $1622.57 (+1622.57) (Scryfall usd)
Chrome Mox: $0 -> $175.80 (+175.80) (Scryfall usd)
Ancient Tomb: $0 -> $134.33 (+134.33) (Scryfall usd)
Mana Vault: $0 -> $115.09 (+115.09) (Scryfall usd)
The One Ring: $0 -> $104.35 (+104.35) (Scryfall usd)
Force of Will: $0 -> $69.91 (+69.91) (Scryfall usd)
Mox Amber: $0 -> $76.13 (+76.13) (Scryfall usd)
Hatred: $0 -> $62.88 (+62.88) (Scryfall usd)
Rhystic Study: $0 -> $60.24 (+60.24) (Scryfall usd)
Smothering Tithe: $0 -> $55.04 (+55.04) (Scryfall usd)
Urborg, Tomb of Yawgmoth: $0 -> $54.68 (+54.68) (Scryfall usd)
Cavern of Souls: $0 -> $52.63 (+52.63) (Scryfall usd)
Nykthos, Shrine to Nyx: $0 -> $51.80 (+51.80) (Scryfall usd)
Teferi's Protection: $0 -> $49.98 (+49.98) (Scryfall usd)
Finale of Devastation: $0 -> $52.69 (+52.69) (Scryfall usd)
Mana Drain: $0 -> $52.95 (+52.95) (Scryfall usd)
Boseiju, Who Endures: $0 -> $49.98 (+49.98) (Scryfall usd)
Animar, Soul of Elements: $0 -> $46.74 (+46.74) (Scryfall usd)
Sensei's Divining Top: $0 -> $46.89 (+46.89) (Scryfall usd)
Jeweled Lotus: $0 -> $43.50 (+43.50) (Scryfall usd)
Tezzeret the Seeker: $0 -> $48.64 (+48.64) (Scryfall usd_foil)
Kozilek, Butcher of Truth: $0 -> $42.00 (+42.00) (Scryfall usd)
Mycosynth Lattice: $0 -> $39.39 (+39.39) (Scryfall usd)
Natural Order: $0 -> $40.52 (+40.52) (Scryfall usd)
Scalding Tarn: $0 -> $41.55 (+41.55) (Scryfall usd)
Cavern-Hoard Dragon (Showcase Scrolls): $0 -> $39.78 (+39.78) (Scryfall usd)
Misty Rainforest: $0 -> $38.14 (+38.14) (Scryfall usd)
Blightsteel Colossus: $0 -> $39.08 (+39.08) (Scryfall usd)
Lotus Petal: $0 -> $33.66 (+33.66) (Scryfall usd)
Prismatic Vista: $0 -> $35.38 (+35.38) (Scryfall usd)
Akroma's Memorial: $0 -> $36.37 (+36.37) (Scryfall usd)
Burgeoning: $0 -> $35.26 (+35.26) (Scryfall usd)
Displacer Kitten: $0 -> $30.74 (+30.74) (Scryfall usd)
Necropotence: $0 -> $36.75 (+36.75) (Scryfall usd)
Parallel Lives: $0 -> $37.75 (+37.75) (Scryfall usd)
Etali, Primal Conqueror (Showcase): $0 -> $33.08 (+33.08) (Scryfall usd_foil)
Mana Confluence: $0 -> $31.13 (+31.13) (Scryfall usd)
Ulamog, the Infinite Gyre: $0 -> $34.80 (+34.80) (Scryfall usd)
Cabal Coffers: $0 -> $33.60 (+33.60) (Scryfall usd)
Doubling Season: $0 -> $36.40 (+36.40) (Scryfall usd)
Exploration: $0 -> $31.47 (+31.47) (Scryfall usd)
Marsh Flats: $0 -> $33.11 (+33.11) (Scryfall usd)
Winding Canyons: $0 -> $33.17 (+33.17) (Scryfall usd)
Cyclonic Rift: $0 -> $29.16 (+29.16) (Scryfall usd)
Field of the Dead: $0 -> $29.15 (+29.15) (Scryfall usd)
Arahbo, Roar of the World: $0 -> $35.31 (+35.31) (Scryfall usd_foil)
Mithril Coat (Extended Art): $0 -> $32.05 (+32.05) (Scryfall usd)
Phyrexian Tower: $0 -> $28.06 (+28.06) (Scryfall usd)
Aetherflux Reservoir: $0 -> $32.71 (+32.71) (Scryfall usd)
Ad Nauseam: $0 -> $20.97 (+20.97) (Scryfall usd)
Galadriel's Dismissal (Borderless): $0 -> $27.26 (+27.26) (Scryfall usd_foil)
City of Brass: $0 -> $21.33 (+21.33) (Scryfall usd)
Flawless Maneuver: $0 -> $20.84 (+20.84) (Scryfall usd)
Constant Mists: $0 -> $19.62 (+19.62) (Scryfall usd)
Craterhoof Behemoth: $0 -> $24.29 (+24.29) (Scryfall usd)
Goblin Welder: $0 -> $22.15 (+22.15) (Scryfall usd)
Hall of the Bandit Lord: $0 -> $22.14 (+22.14) (Scryfall usd)
Unwinding Clock: $0 -> $18.91 (+18.91) (Scryfall usd)
Unwinding Clock (Schematic): $0 -> $19.83 (+19.83) (Scryfall usd)
Vedalken Orrery: $0 -> $19.89 (+19.89) (Scryfall usd)
Awaken the Woods: $0 -> $14.21 (+14.21) (Scryfall usd)
Horn of Greed: $0 -> $19.90 (+19.90) (Scryfall usd)
Kalemne, Disciple of Iroas: $0 -> $18.78 (+18.78) (Scryfall usd_foil)
Noble Hierarch: $0 -> $20.17 (+20.17) (Scryfall usd_foil)
Platinum Emperion: $0 -> $19.45 (+19.45) (Scryfall usd)
Sigarda's Aid: $0 -> $20.17 (+20.17) (Scryfall usd)
Void Winnower: $0 -> $17.62 (+17.62) (Scryfall usd)
Wave of Reckoning: $0 -> $17.00 (+17.00) (Scryfall usd)
Bountiful Promenade: $0 -> $16.42 (+16.42) (Scryfall usd)
Emrakul, the Promised End: $0 -> $18.02 (+18.02) (Scryfall usd)
Entomb: $0 -> $20.17 (+20.17) (Scryfall usd)
Grand Abolisher: $0 -> $18.81 (+18.81) (Scryfall usd)
Karn, Silver Golem: $0 -> $19.99 (+19.99) (Scryfall usd)
Lurking Predators: $0 -> $19.72 (+19.72) (Scryfall usd)
Mystical Tutor: $0 -> $22.33 (+22.33) (Scryfall usd)
Pact of Negation: $0 -> $17.52 (+17.52) (Scryfall usd)
Quantum Misalignment: $0 -> $12.43 (+12.43) (Scryfall usd)
Spellseeker: $0 -> $15.82 (+15.82) (Scryfall usd)
Stinging Study: $0 -> $15.96 (+15.96) (Scryfall usd)
Twinning Staff: $0 -> $15.39 (+15.39) (Scryfall usd)
Wooded Foothills: $0 -> $16.77 (+16.77) (Scryfall usd)
Berserk: $0 -> $15.51 (+15.51) (Scryfall usd)
Dino DNA (Borderless): $0 -> $15.83 (+15.83) (Scryfall usd)
Font of Mythos: $0 -> $18.83 (+18.83) (Scryfall usd)
Gamble: $0 -> $17.57 (+17.57) (Scryfall usd)
Training Center: $0 -> $16.65 (+16.65) (Scryfall usd)
Vigor: $0 -> $14.93 (+14.93) (Scryfall usd)
Winter Orb: $0 -> $16.25 (+16.25) (Scryfall usd)
Wooded Bastion: $0 -> $17.19 (+17.19) (Scryfall usd)
Arcum Dagsson: $0 -> $16.30 (+16.30) (Scryfall usd)
Athreos, God of Passage: $0 -> $15.34 (+15.34) (Scryfall usd)
Hammer of Nazahn: $0 -> $15.94 (+15.94) (Scryfall usd)
Heroic Intervention: $0 -> $16.16 (+16.16) (Scryfall usd)
Homeward Path: $0 -> $15.88 (+15.88) (Scryfall usd)
Isochron Scepter: $0 -> $12.53 (+12.53) (Scryfall usd)
Phyrexian Metamorph: $0 -> $16.38 (+16.38) (Scryfall usd_foil)
Reflecting Pool: $0 -> $17.67 (+17.67) (Scryfall usd)
Yavimaya, Cradle of Growth: $0 -> $13.91 (+13.91) (Scryfall usd)
Contagion Engine: $0 -> $12.97 (+12.97) (Scryfall usd)
Crypt Ghast: $0 -> $12.91 (+12.91) (Scryfall usd)
Spire Garden: $0 -> $7.82 (+7.82) (Scryfall usd)
Total market value change: $+4926.84 across 101 updated cards; 0 skipped.
Updated 101 cards in C:\Users\quiquis\Documents\github pages\assets\data\cards.json

